// Jest Snapshot v1, https://goo.gl/fbAQLP

exports[`tests header image component renders header image with source 1`] = `
<Image
  source={
    Object {
      "uri": "https://reactjs.org/logo-og.png",
    }
  }
  style={
    Object {
      "height": 50,
      "width": 50,
    }
  }
/>
`;
